\BOOKMARK [0][-]{chapter*.1}{\376\377\000A\000b\000s\000t\000r\000a\000c\000t}{}% 1
\BOOKMARK [0][-]{section*.4}{\376\377\000L\000i\000s\000t\000\040\000o\000f\000\040\000F\000i\000g\000u\000r\000e\000s}{}% 2
\BOOKMARK [0][-]{chapter*.5}{\376\377\000L\000i\000s\000t\000\040\000o\000f\000\040\000A\000b\000b\000r\000e\000v\000i\000a\000t\000i\000o\000n\000s}{}% 3
\BOOKMARK [0][-]{chapter.1}{\376\377\000I\000n\000t\000r\000o\000d\000u\000c\000t\000i\000o\000n}{}% 4
\BOOKMARK [1][-]{section.1.1}{\376\377\000O\000v\000e\000r\000v\000i\000e\000w}{chapter.1}% 5
\BOOKMARK [1][-]{section.1.2}{\376\377\000G\000e\000n\000e\000r\000a\000l\000\040\000B\000a\000c\000k\000g\000r\000o\000u\000n\000d}{chapter.1}% 6
\BOOKMARK [1][-]{section.1.3}{\376\377\000P\000r\000o\000b\000l\000e\000m\000\040\000S\000t\000a\000t\000e\000m\000e\000n\000t}{chapter.1}% 7
\BOOKMARK [1][-]{section.1.4}{\376\377\000S\000c\000o\000p\000e\000\040\000o\000f\000\040\000t\000h\000e\000\040\000S\000y\000s\000t\000e\000m}{chapter.1}% 8
\BOOKMARK [1][-]{section.1.5}{\376\377\000O\000b\000j\000e\000c\000t\000i\000v\000e\000s}{chapter.1}% 9
\BOOKMARK [0][-]{chapter.2}{\376\377\000L\000i\000t\000e\000r\000a\000t\000u\000r\000e\000\040\000R\000e\000v\000i\000e\000w}{}% 10
\BOOKMARK [1][-]{section.2.1}{\376\377\000P\000e\000r\000s\000o\000n\000a\000l\000i\000s\000e\000d\000\040\000D\000r\000i\000v\000e\000r\000\040\000R\000i\000s\000k\000\040\000A\000s\000s\000e\000s\000s\000m\000e\000n\000t\000\040\000w\000i\000t\000h\000\040\000A\000d\000a\000p\000t\000i\000v\000e\000\040\000F\000e\000e\000d\000b\000a\000c\000k\000\040\000u\000s\000i\000n\000g\000\040\000C\000r\000o\000w\000d\000s\000e\000n\000s\000e\000d\000\040\000T\000e\000l\000e\000m\000e\000t\000r\000i\000c\000\040\000D\000a\000t\000a}{chapter.2}% 11
\BOOKMARK [2][-]{subsection.2.1.1}{\376\377\000M\000e\000t\000h\000o\000d\000o\000l\000o\000g\000y}{section.2.1}% 12
\BOOKMARK [2][-]{subsection.2.1.2}{\376\377\000A\000d\000v\000a\000n\000t\000a\000g\000e\000s}{section.2.1}% 13
\BOOKMARK [2][-]{subsection.2.1.3}{\376\377\000D\000i\000s\000a\000d\000v\000a\000n\000t\000a\000g\000e\000s}{section.2.1}% 14
\BOOKMARK [1][-]{section.2.2}{\376\377\000A\000\040\000N\000e\000w\000\040\000C\000N\000N\000\040\000B\000a\000s\000e\000d\000\040\000O\000b\000j\000e\000c\000t\000\040\000D\000e\000t\000e\000c\000t\000i\000o\000n\000\040\000S\000y\000s\000t\000e\000m\000\040\000f\000o\000r\000\040\000A\000u\000t\000o\000n\000o\000m\000o\000u\000s\000\040\000M\000o\000b\000i\000l\000e\000\040\000R\000o\000b\000o\000t\000s\000\040\000B\000a\000s\000e\000d\000\040\000o\000n\000\040\000R\000e\000a\000l\000\040\000W\000o\000r\000l\000d\000\040\000V\000e\000h\000i\000c\000l\000e\000\040\000D\000a\000t\000a\000s\000e\000t\000s}{chapter.2}% 15
\BOOKMARK [2][-]{subsection.2.2.1}{\376\377\000M\000e\000t\000h\000o\000d\000o\000l\000o\000g\000y}{section.2.2}% 16
\BOOKMARK [2][-]{subsection.2.2.2}{\376\377\000A\000d\000v\000a\000n\000t\000a\000g\000e\000s}{section.2.2}% 17
\BOOKMARK [2][-]{subsection.2.2.3}{\376\377\000D\000i\000s\000a\000d\000v\000a\000n\000t\000a\000g\000e\000s}{section.2.2}% 18
\BOOKMARK [1][-]{section.2.3}{\376\377\000U\000s\000i\000n\000g\000\040\000C\000o\000n\000t\000e\000x\000t\000u\000a\000l\000\040\000D\000a\000t\000a\000\040\000t\000o\000\040\000P\000r\000e\000d\000i\000c\000t\000\040\000R\000i\000s\000k\000y\000\040\000D\000r\000i\000v\000i\000n\000g\000\040\000E\000v\000e\000n\000t\000s\000:\000\040\000A\000\040\000N\000o\000v\000e\000l\000\040\000M\000e\000t\000h\000o\000d\000o\000l\000o\000g\000y\000\040\000f\000r\000o\000m\000\040\000E\000x\000p\000l\000a\000i\000n\000a\000b\000l\000e\000\040\000A\000r\000t\000i\000f\000i\000c\000i\000a\000l\000\040\000I\000n\000t\000e\000l\000l\000i\000g\000e\000n\000c\000e}{chapter.2}% 19
\BOOKMARK [2][-]{subsection.2.3.1}{\376\377\000M\000e\000t\000h\000o\000d\000o\000l\000o\000g\000y}{section.2.3}% 20
\BOOKMARK [2][-]{subsection.2.3.2}{\376\377\000A\000d\000v\000a\000n\000t\000a\000g\000e\000s}{section.2.3}% 21
\BOOKMARK [2][-]{subsection.2.3.3}{\376\377\000D\000i\000s\000a\000d\000v\000a\000n\000t\000a\000g\000e\000s}{section.2.3}% 22
\BOOKMARK [1][-]{section.2.4}{\376\377\000O\000p\000t\000i\000m\000i\000z\000i\000n\000g\000\040\000M\000o\000n\000o\000c\000u\000l\000a\000r\000\040\000D\000r\000i\000v\000i\000n\000g\000\040\000A\000s\000s\000i\000s\000t\000a\000n\000c\000e\000\040\000f\000o\000r\000\040\000R\000e\000a\000l\000\040\000T\000i\000m\000e\000\040\000P\000r\000o\000c\000e\000s\000s\000i\000n\000g\000\040\000o\000n\000\040\000J\000e\000t\000s\000o\000n\000\040\000A\000G\000X\000\040\000X\000a\000v\000i\000e\000r}{chapter.2}% 23
\BOOKMARK [2][-]{subsection.2.4.1}{\376\377\000M\000e\000t\000h\000o\000d\000o\000l\000o\000g\000y}{section.2.4}% 24
\BOOKMARK [2][-]{subsection.2.4.2}{\376\377\000A\000d\000v\000a\000n\000t\000a\000g\000e\000s}{section.2.4}% 25
\BOOKMARK [2][-]{subsection.2.4.3}{\376\377\000D\000i\000s\000a\000d\000v\000a\000n\000t\000a\000g\000e\000s}{section.2.4}% 26
\BOOKMARK [1][-]{section.2.5}{\376\377\000B\000a\000l\000a\000n\000c\000i\000n\000g\000\040\000T\000r\000a\000n\000s\000p\000a\000r\000e\000n\000c\000y\000\040\000a\000n\000d\000\040\000C\000o\000n\000t\000r\000o\000l\000:\000\040\000T\000h\000e\000\040\000I\000m\000p\000a\000c\000t\000\040\000o\000f\000\040\000A\000I\000\040\000E\000x\000p\000l\000a\000n\000a\000t\000i\000o\000n\000\040\000D\000e\000t\000a\000i\000l\000\040\000o\000n\000\040\000U\000s\000e\000r\000\040\000P\000e\000r\000c\000e\000p\000t\000i\000o\000n\000\040\000i\000n\000\040\000A\000u\000t\000o\000m\000a\000t\000e\000d\000\040\000V\000e\000h\000i\000c\000l\000e\000s}{chapter.2}% 27
\BOOKMARK [2][-]{subsection.2.5.1}{\376\377\000M\000e\000t\000h\000o\000d\000o\000l\000o\000g\000y}{section.2.5}% 28
\BOOKMARK [2][-]{subsection.2.5.2}{\376\377\000A\000d\000v\000a\000n\000t\000a\000g\000e\000s}{section.2.5}% 29
\BOOKMARK [2][-]{subsection.2.5.3}{\376\377\000D\000i\000s\000a\000d\000v\000a\000n\000t\000a\000g\000e\000s}{section.2.5}% 30
\BOOKMARK [0][-]{chapter.3}{\376\377\000R\000e\000q\000u\000i\000r\000e\000m\000e\000n\000t\000\040\000S\000p\000e\000c\000i\000f\000i\000c\000a\000t\000i\000o\000n}{}% 31
\BOOKMARK [1][-]{section.3.1}{\376\377\000F\000u\000n\000c\000t\000i\000o\000n\000a\000l\000\040\000R\000e\000q\000u\000i\000r\000e\000m\000e\000n\000t\000s}{chapter.3}% 32
\BOOKMARK [2][-]{subsection.3.1.1}{\376\377\000O\000b\000j\000e\000c\000t\000\040\000D\000e\000t\000e\000c\000t\000i\000o\000n}{section.3.1}% 33
\BOOKMARK [2][-]{subsection.3.1.2}{\376\377\000C\000o\000n\000t\000e\000x\000t\000u\000a\000l\000\040\000R\000i\000s\000k\000\040\000A\000s\000s\000e\000s\000s\000m\000e\000n\000t}{section.3.1}% 34
\BOOKMARK [2][-]{subsection.3.1.3}{\376\377\000T\000r\000a\000n\000s\000p\000a\000r\000e\000n\000t\000\040\000S\000a\000f\000e\000t\000y\000\040\000R\000e\000c\000o\000m\000m\000e\000n\000d\000a\000t\000i\000o\000n\000s}{section.3.1}% 35
\BOOKMARK [2][-]{subsection.3.1.4}{\376\377\000T\000e\000l\000e\000m\000e\000t\000r\000y\000\040\000a\000n\000d\000\040\000G\000P\000S\000\040\000A\000n\000a\000l\000y\000s\000i\000s}{section.3.1}% 36
\BOOKMARK [2][-]{subsection.3.1.5}{\376\377\000W\000e\000a\000t\000h\000e\000r\000\040\000a\000n\000d\000\040\000E\000n\000v\000i\000r\000o\000n\000m\000e\000n\000t\000a\000l\000\040\000M\000o\000n\000i\000t\000o\000r\000i\000n\000g}{section.3.1}% 37
\BOOKMARK [2][-]{subsection.3.1.6}{\376\377\000R\000e\000a\000l\000-\000T\000i\000m\000e\000\040\000V\000i\000s\000u\000a\000l\000\040\000F\000e\000e\000d\000b\000a\000c\000k}{section.3.1}% 38
\BOOKMARK [2][-]{subsection.3.1.7}{\376\377\000A\000l\000e\000r\000t\000s\000\040\000a\000n\000d\000\040\000N\000o\000t\000i\000f\000i\000c\000a\000t\000i\000o\000n\000s}{section.3.1}% 39
\BOOKMARK [1][-]{section.3.2}{\376\377\000H\000a\000r\000d\000w\000a\000r\000e\000\040\000R\000e\000q\000u\000i\000r\000e\000m\000e\000n\000t\000s}{chapter.3}% 40
\BOOKMARK [2][-]{subsection.3.2.1}{\376\377\000S\000m\000a\000r\000t\000p\000h\000o\000n\000e\000\040\000D\000e\000v\000i\000c\000e}{section.3.2}% 41
\BOOKMARK [2][-]{subsection.3.2.2}{\376\377\000R\000e\000a\000r\000\040\000C\000a\000m\000e\000r\000a}{section.3.2}% 42
\BOOKMARK [2][-]{subsection.3.2.3}{\376\377\000G\000P\000S\000\040\000R\000e\000c\000e\000i\000v\000e\000r}{section.3.2}% 43
\BOOKMARK [2][-]{subsection.3.2.4}{\376\377\000I\000n\000t\000e\000r\000n\000e\000t\000\040\000C\000o\000n\000n\000e\000c\000t\000i\000v\000i\000t\000y}{section.3.2}% 44
\BOOKMARK [1][-]{section.3.3}{\376\377\000S\000o\000f\000t\000w\000a\000r\000e\000\040\000R\000e\000q\000u\000i\000r\000e\000m\000e\000n\000t\000s}{chapter.3}% 45
\BOOKMARK [2][-]{subsection.3.3.1}{\376\377\000D\000a\000r\000t}{section.3.3}% 46
\BOOKMARK [2][-]{subsection.3.3.2}{\376\377\000F\000l\000u\000t\000t\000e\000r}{section.3.3}% 47
\BOOKMARK [2][-]{subsection.3.3.3}{\376\377\000G\000o\000o\000g\000l\000e\000\040\000L\000i\000t\000e\000R\000T}{section.3.3}% 48
\BOOKMARK [2][-]{subsection.3.3.4}{\376\377\000Y\000O\000L\000O\000v\0008\000\040\000N\000a\000n\000o\000\040\000\050\000Y\000O\000L\000O\000v\0008\000n\000\051}{section.3.3}% 49
\BOOKMARK [2][-]{subsection.3.3.5}{\376\377\000O\000p\000e\000n\000W\000e\000a\000t\000h\000e\000r\000M\000a\000p\000\040\000A\000P\000I}{section.3.3}% 50
\BOOKMARK [0][-]{chapter.4}{\376\377\000P\000r\000o\000p\000o\000s\000e\000d\000\040\000S\000y\000s\000t\000e\000m\000\040\000a\000n\000d\000\040\000D\000e\000s\000i\000g\000n}{}% 51
\BOOKMARK [1][-]{section.4.1}{\376\377\000P\000r\000o\000p\000o\000s\000e\000d\000\040\000S\000y\000s\000t\000e\000m}{chapter.4}% 52
\BOOKMARK [1][-]{section.4.2}{\376\377\000F\000e\000a\000s\000i\000b\000i\000l\000i\000t\000y\000\040\000S\000t\000u\000d\000y}{chapter.4}% 53
\BOOKMARK [2][-]{subsection.4.2.1}{\376\377\000T\000e\000c\000h\000n\000i\000c\000a\000l\000\040\000F\000e\000a\000s\000i\000b\000i\000l\000i\000t\000y}{section.4.2}% 54
\BOOKMARK [2][-]{subsection.4.2.2}{\376\377\000O\000p\000e\000r\000a\000t\000i\000o\000n\000a\000l\000\040\000F\000e\000a\000s\000i\000b\000i\000l\000i\000t\000y}{section.4.2}% 55
\BOOKMARK [2][-]{subsection.4.2.3}{\376\377\000E\000c\000o\000n\000o\000m\000i\000c\000\040\000F\000e\000a\000s\000i\000b\000i\000l\000i\000t\000y}{section.4.2}% 56
\BOOKMARK [1][-]{section.4.3}{\376\377\000D\000e\000s\000i\000g\000n}{chapter.4}% 57
\BOOKMARK [2][-]{subsection.4.3.1}{\376\377\000A\000r\000c\000h\000i\000t\000e\000c\000t\000u\000r\000e\000\040\000D\000i\000a\000g\000r\000a\000m}{section.4.3}% 58
\BOOKMARK [2][-]{subsection.4.3.2}{\376\377\000U\000s\000e\000\040\000C\000a\000s\000e\000\040\000D\000i\000a\000g\000r\000a\000m}{section.4.3}% 59
\BOOKMARK [2][-]{subsection.4.3.3}{\376\377\000L\000e\000v\000e\000l\000\040\0000\000\040\000D\000F\000D}{section.4.3}% 60
\BOOKMARK [2][-]{subsection.4.3.4}{\376\377\000L\000e\000v\000e\000l\000\040\0001\000\040\000D\000F\000D}{section.4.3}% 61
\BOOKMARK [2][-]{subsection.4.3.5}{\376\377\000L\000e\000v\000e\000l\000\040\0002\000\040\000D\000F\000D}{section.4.3}% 62
\BOOKMARK [2][-]{subsection.4.3.6}{\376\377\000M\000e\000t\000h\000o\000d\000s\000\040\000a\000n\000d\000\040\000T\000e\000c\000h\000n\000i\000q\000u\000e\000s}{section.4.3}% 63
\BOOKMARK [0][-]{chapter.5}{\376\377\000P\000r\000o\000g\000r\000e\000s\000s\000\040\000i\000n\000\040\000P\000r\000o\000j\000e\000c\000t}{}% 64
\BOOKMARK [1][-]{section.5.1}{\376\377\000I\000m\000p\000l\000e\000m\000e\000n\000t\000a\000t\000i\000o\000n}{chapter.5}% 65
\BOOKMARK [2][-]{subsection.5.1.1}{\376\377\000M\000o\000d\000u\000l\000e\000\040\000S\000p\000l\000i\000t\000-\000u\000p}{section.5.1}% 66
\BOOKMARK [2][-]{subsection.5.1.2}{\376\377\000T\000o\000o\000l\000s\000\040\000a\000n\000d\000\040\000T\000e\000c\000h\000n\000i\000q\000u\000e\000s}{section.5.1}% 67
\BOOKMARK [0][-]{chapter.6}{\376\377\000E\000x\000p\000e\000c\000t\000e\000d\000\040\000O\000u\000t\000c\000o\000m\000e}{}% 68
\BOOKMARK [0][-]{chapter.7}{\376\377\000C\000o\000n\000c\000l\000u\000s\000i\000o\000n}{}% 69
\BOOKMARK [0][-]{chapter.7}{\376\377\000R\000e\000f\000e\000r\000e\000n\000c\000e\000s}{}% 70
